[thememine.net/themeforest/buildco/index.html]
[backblue.gif]
[fade.gif]
[index.html]
[thememine.net/themeforest/buildco/assets/img/favicon.png]
[thememine.net/themeforest/buildco/assets/img/banner/22.jpg]
[thememine.net/themeforest/buildco/assets/img/logo-big.png]
[thememine.net/themeforest/buildco/index-1.html]
[thememine.net/themeforest/buildco/assets/img/demo/index-1.jpg]
[thememine.net/themeforest/buildco/index-2.html]
[thememine.net/themeforest/buildco/assets/img/demo/index-2.jpg]
[thememine.net/themeforest/buildco/index-3.html]
[thememine.net/themeforest/buildco/assets/img/demo/index-3.jpg]
[thememine.net/themeforest/buildco/index-4.html]
[thememine.net/themeforest/buildco/assets/img/demo/index-4.jpg]
[thememine.net/themeforest/buildco/index-5.html]
[thememine.net/themeforest/buildco/assets/img/demo/index-5.jpg]
[thememine.net/themeforest/buildco/index-6.html]
[thememine.net/themeforest/buildco/assets/img/demo/index-6.jpg]
[thememine.net/themeforest/buildco/index-op.html]
[thememine.net/themeforest/buildco/index-op-2.html]
[thememine.net/themeforest/buildco/index-op-3.html]
[thememine.net/themeforest/buildco/index-op-4.html]
[thememine.net/themeforest/buildco/index-op-5.html]
[thememine.net/themeforest/buildco/assets/img/logo-light.png]
[thememine.net/themeforest/buildco/assets/js/jquery-1.12.4.min.js]
[thememine.net/themeforest/buildco/assets/js/bootstrap.min.js]
[thememine.net/themeforest/buildco/assets/js/equal-height.min.js]
[thememine.net/themeforest/buildco/assets/js/jquery.appear.js]
[thememine.net/themeforest/buildco/assets/js/jquery.easing.min.js]
[thememine.net/themeforest/buildco/assets/js/jquery.magnific-popup.min.js]
[thememine.net/themeforest/buildco/assets/js/modernizr.custom.13711.js]
[thememine.net/themeforest/buildco/assets/js/owl.carousel.min.js]
[thememine.net/themeforest/buildco/assets/js/wow.min.js]
[thememine.net/themeforest/buildco/assets/js/isotope.pkgd.min.js]
[thememine.net/themeforest/buildco/assets/js/imagesloaded.pkgd.min.js]
[thememine.net/themeforest/buildco/assets/js/count-to.js]
[thememine.net/themeforest/buildco/assets/js/bootsnav.js]
[thememine.net/themeforest/buildco/assets/js/main.js]
[thememine.net/themeforest/buildco/index.html]
[thememine.net/themeforest/buildco/assets/css/bootstrap.min.css]
[thememine.net/themeforest/buildco/assets/fonts/fa-brands-400.eot]
[thememine.net/themeforest/buildco/assets/fonts/fa-brands-400d41d.eot]
[thememine.net/themeforest/buildco/assets/fonts/fa-brands-400.woff2]
[thememine.net/themeforest/buildco/assets/fonts/fa-brands-400.woff]
[thememine.net/themeforest/buildco/assets/fonts/fa-brands-400.ttf]
[thememine.net/themeforest/buildco/assets/fonts/fa-regular-400.eot]
[thememine.net/themeforest/buildco/assets/fonts/fa-regular-400.woff2]
[thememine.net/themeforest/buildco/assets/fonts/fa-regular-400d41d.eot]
[thememine.net/themeforest/buildco/assets/fonts/fa-regular-400.woff]
[thememine.net/themeforest/buildco/assets/fonts/fa-regular-400.ttf]
[thememine.net/themeforest/buildco/assets/fonts/fa-solid-900.eot]
[thememine.net/themeforest/buildco/assets/fonts/fa-solid-900.woff2]
[thememine.net/themeforest/buildco/assets/fonts/fa-solid-900d41d.eot]
[thememine.net/themeforest/buildco/assets/fonts/fa-solid-900.woff]
[thememine.net/themeforest/buildco/assets/fonts/fa-solid-900.ttf]
[thememine.net/themeforest/buildco/assets/css/font-awesome.min.css]
[thememine.net/themeforest/buildco/assets/fonts/Flaticon.woff]
[thememine.net/themeforest/buildco/assets/fonts/Flaticon.ttf]
[thememine.net/themeforest/buildco/assets/css/flaticon-set.css]
[thememine.net/themeforest/buildco/assets/css/magnific-popup.css]
[thememine.net/themeforest/buildco/assets/css/owl.carousel.min.css]
[thememine.net/themeforest/buildco/assets/css/owl.theme.default.min.css]
[thememine.net/themeforest/buildco/assets/css/animate.css]
[thememine.net/themeforest/buildco/assets/css/bootsnav.css]
[thememine.net/themeforest/buildco/assets/img/preloader.gif]
[thememine.net/themeforest/buildco/style.css]
[thememine.net/themeforest/buildco/assets/css/responsive.css]
[thememine.net/themeforest/buildco/assets/img/logo.png]
[thememine.net/themeforest/buildco/about-us.html]
[thememine.net/themeforest/buildco/contact.html]
[thememine.net/themeforest/buildco/faq.html]
[thememine.net/themeforest/buildco/404.html]
[thememine.net/themeforest/buildco/gallery-grid-2-colum.html]
[thememine.net/themeforest/buildco/gallery-grid-3-colum.html]
[thememine.net/themeforest/buildco/gallery-grid-4-colum.html]
[thememine.net/themeforest/buildco/gallery-2-colum.html]
[thememine.net/themeforest/buildco/gallery-3-colum.html]
[thememine.net/themeforest/buildco/gallery-4-colum.html]
[thememine.net/themeforest/buildco/gallery-title-2-colum.html]
[thememine.net/themeforest/buildco/gallery-title-3-colum.html]
[thememine.net/themeforest/buildco/gallery-title-4-colum.html]
[thememine.net/themeforest/buildco/gallery-slider.html]
[thememine.net/themeforest/buildco/gallery-single.html]
[thememine.net/themeforest/buildco/services.html]
[thememine.net/themeforest/buildco/services-2.html]
[thememine.net/themeforest/buildco/services-3.html]
[thememine.net/themeforest/buildco/services-4.html]
[thememine.net/themeforest/buildco/team.html]
[thememine.net/themeforest/buildco/team-2.html]
[thememine.net/themeforest/buildco/team-3.html]
[thememine.net/themeforest/buildco/blog-standard.html]
[thememine.net/themeforest/buildco/blog-left-sidebar.html]
[thememine.net/themeforest/buildco/blog-right-sidebar.html]
[thememine.net/themeforest/buildco/blog-single.html]
[thememine.net/themeforest/buildco/blog-single-left-sidebar.html]
[thememine.net/themeforest/buildco/blog-single-right-sidebar.html]
[thememine.net/themeforest/buildco/assets/img/banner/2.jpg]
[thememine.net/themeforest/buildco/assets/img/banner/3.jpg]
[thememine.net/themeforest/buildco/assets/img/banner/21.jpg]
[thememine.net/themeforest/buildco/assets/img/team/6.jpg]
[thememine.net/themeforest/buildco/assets/img/signature.png]
[thememine.net/themeforest/buildco/assets/img/banner/1.jpg]
[thememine.net/themeforest/buildco/assets/img/services/1.jpg]
[thememine.net/themeforest/buildco/assets/img/services/2.jpg]
[thememine.net/themeforest/buildco/assets/img/services/3.jpg]
[thememine.net/themeforest/buildco/assets/img/services/4.jpg]
[thememine.net/themeforest/buildco/assets/img/services/5.jpg]
[thememine.net/themeforest/buildco/assets/img/services/6.jpg]
[thememine.net/themeforest/buildco/assets/img/portfolio/1.jpg]
[thememine.net/themeforest/buildco/assets/img/portfolio/2.jpg]
[thememine.net/themeforest/buildco/assets/img/portfolio/3.jpg]
[thememine.net/themeforest/buildco/assets/img/portfolio/4.jpg]
[thememine.net/themeforest/buildco/assets/img/portfolio/5.jpg]
[thememine.net/themeforest/buildco/assets/img/portfolio/7.jpg]
[thememine.net/themeforest/buildco/assets/img/worker/1.jpg]
[thememine.net/themeforest/buildco/assets/img/worker/2.jpg]
[thememine.net/themeforest/buildco/assets/img/worker/3.jpg]
[thememine.net/themeforest/buildco/assets/img/banner/5.jpg]
[thememine.net/themeforest/buildco/assets/img/team/7.jpg]
[thememine.net/themeforest/buildco/assets/img/team/8.jpg]
[thememine.net/themeforest/buildco/assets/img/blog/1.jpg]
[thememine.net/themeforest/buildco/assets/img/blog/2.jpg]
[thememine.net/themeforest/buildco/assets/img/team/4.jpg]
[thememine.net/themeforest/buildco/assets/img/blog/3.jpg]
[thememine.net/themeforest/buildco/assets/js/progress-bar.min.js]
[thememine.net/themeforest/buildco/index-1.html]
[thememine.net/themeforest/buildco/assets/img/banner/4.jpg]
[thememine.net/themeforest/buildco/assets/img/banner/6.jpg]
[thememine.net/themeforest/buildco/assets/img/about/1.jpg]
[thememine.net/themeforest/buildco/assets/img/clients/1.png]
[thememine.net/themeforest/buildco/assets/img/clients/2.png]
[thememine.net/themeforest/buildco/assets/img/clients/3.png]
[thememine.net/themeforest/buildco/assets/img/clients/4.png]
[thememine.net/themeforest/buildco/assets/img/clients/5.png]
[thememine.net/themeforest/buildco/assets/img/clients/6.png]
[thememine.net/themeforest/buildco/assets/img/clients/7.png]
[thememine.net/themeforest/buildco/assets/img/clients/8.png]
[thememine.net/themeforest/buildco/assets/img/clients/9.png]
[thememine.net/themeforest/buildco/assets/img/portfolio/55.jpg]
[thememine.net/themeforest/buildco/assets/img/portfolio/44.jpg]
[thememine.net/themeforest/buildco/index-2.html]
[thememine.net/themeforest/buildco/assets/img/banner/7.jpg]
[thememine.net/themeforest/buildco/assets/img/banner/8.jpg]
[thememine.net/themeforest/buildco/assets/img/banner/9.jpg]
[thememine.net/themeforest/buildco/assets/img/banner/13.jpg]
[thememine.net/themeforest/buildco/assets/img/blog/4.jpg]
[thememine.net/themeforest/buildco/assets/img/blog/5.jpg]
[thememine.net/themeforest/buildco/assets/img/team/9.jpg]
[thememine.net/themeforest/buildco/index-3.html]
[thememine.net/themeforest/buildco/assets/img/banner/12.jpg]
[thememine.net/themeforest/buildco/assets/img/banner/11.jpg]
[thememine.net/themeforest/buildco/assets/img/banner/10.jpg]
[thememine.net/themeforest/buildco/assets/img/about/2.jpg]
[thememine.net/themeforest/buildco/index-4.html]
[thememine.net/themeforest/buildco/assets/img/banner/14.jpg]
[thememine.net/themeforest/buildco/assets/img/banner/15.jpg]
[thememine.net/themeforest/buildco/index-5.html]
[thememine.net/themeforest/buildco/assets/img/banner/16.jpg]
[thememine.net/themeforest/buildco/assets/img/banner/17.jpg]
[thememine.net/themeforest/buildco/assets/img/banner/18.jpg]
[thememine.net/themeforest/buildco/assets/img/portfolio/8.jpg]
[thememine.net/themeforest/buildco/index-6.html]
[thememine.net/themeforest/buildco/assets/img/800x800.png]
[thememine.net/themeforest/buildco/index-op.html]
[thememine.net/themeforest/buildco/index-op-2.html]
[thememine.net/themeforest/buildco/index-op-3.html]
[thememine.net/themeforest/buildco/index-op-4.html]
[thememine.net/themeforest/buildco/index-op-5.html]
[thememine.net/themeforest/buildco/assets/js/typed.html]
[thememine.net/themeforest/buildco/assets/js/YTPlayer.min.html]
[thememine.net/themeforest/buildco/assets/fonts/glyphicons-halflings-regular.html]
[thememine.net/themeforest/buildco/assets/fonts/glyphicons-halflings-regulard41d.html]
[thememine.net/themeforest/buildco/assets/fonts/glyphicons-halflings-regular-2.html]
[thememine.net/themeforest/buildco/assets/fonts/glyphicons-halflings-regular-3.html]
[thememine.net/themeforest/buildco/assets/fonts/glyphicons-halflings-regular-4.html]
[thememine.net/themeforest/buildco/assets/fonts/glyphicons-halflings-regular-5.html]
[thememine.net/themeforest/buildco/assets/fonts/fa-brands-400.html]
[thememine.net/themeforest/buildco/assets/fonts/fa-regular-400.html]
[thememine.net/themeforest/buildco/assets/fonts/fa-solid-900.html]
[thememine.net/themeforest/buildco/assets/fonts/Flaticon.html]
[thememine.net/themeforest/buildco/assets/fonts/Flaticond41d.html]
[thememine.net/themeforest/buildco/assets/fonts/Flaticon-2.html]
[thememine.net/themeforest/buildco/assets/css/Flaticon.html]
[thememine.net/themeforest/buildco/assets/css/owl.video.play.html]
[thememine.net/themeforest/buildco/about-us.html]
[thememine.net/themeforest/buildco/contact.html]
[thememine.net/themeforest/buildco/faq.html]
[thememine.net/themeforest/buildco/404.html]
[thememine.net/themeforest/buildco/gallery-grid-2-colum.html]
[thememine.net/themeforest/buildco/gallery-grid-3-colum.html]
[thememine.net/themeforest/buildco/assets/img/portfolio/9.jpg]
[thememine.net/themeforest/buildco/gallery-grid-4-colum.html]
[thememine.net/themeforest/buildco/assets/img/portfolio/33.jpg]
[thememine.net/themeforest/buildco/gallery-2-colum.html]
[thememine.net/themeforest/buildco/assets/img/portfolio/88.jpg]
[thememine.net/themeforest/buildco/gallery-3-colum.html]
[thememine.net/themeforest/buildco/assets/img/portfolio/6.jpg]
[thememine.net/themeforest/buildco/gallery-4-colum.html]
[thememine.net/themeforest/buildco/gallery-title-2-colum.html]
[thememine.net/themeforest/buildco/gallery-title-3-colum.html]
[thememine.net/themeforest/buildco/gallery-title-4-colum.html]
[thememine.net/themeforest/buildco/gallery-slider.html]
[thememine.net/themeforest/buildco/assets/img/portfolio/v1.jpg]
[thememine.net/themeforest/buildco/assets/img/portfolio/v2.jpg]
[thememine.net/themeforest/buildco/assets/img/portfolio/v3.jpg]
[thememine.net/themeforest/buildco/gallery-single.html]
[thememine.net/themeforest/buildco/services.html]
[thememine.net/themeforest/buildco/services-2.html]
[thememine.net/themeforest/buildco/services-3.html]
[thememine.net/themeforest/buildco/services-4.html]
[thememine.net/themeforest/buildco/team.html]
[thememine.net/themeforest/buildco/assets/img/worker/5.jpg]
[thememine.net/themeforest/buildco/assets/img/worker/4.jpg]
[thememine.net/themeforest/buildco/team-2.html]
[thememine.net/themeforest/buildco/team-3.html]
[thememine.net/themeforest/buildco/assets/img/banner/24.jpg]
[thememine.net/themeforest/buildco/assets/img/blog/11.jpg]
[thememine.net/themeforest/buildco/assets/img/blog/22.jpg]
[thememine.net/themeforest/buildco/assets/img/blog/33.jpg]
[thememine.net/themeforest/buildco/blog-standard.html]
[thememine.net/themeforest/buildco/assets/img/portfolio/11.jpg]
[thememine.net/themeforest/buildco/assets/img/portfolio/22.jpg]
[thememine.net/themeforest/buildco/assets/img/portfolio/77.jpg]
[thememine.net/themeforest/buildco/assets/img/portfolio/99.jpg]
[thememine.net/themeforest/buildco/blog-left-sidebar.html]
[thememine.net/themeforest/buildco/blog-right-sidebar.html]
[thememine.net/themeforest/buildco/blog-single.html]
[thememine.net/themeforest/buildco/blog-single-left-sidebar.html]
[thememine.net/themeforest/buildco/blog-single-right-sidebar.html]
[thememine.net/themeforest/buildco/assets/img/error.svg]
